// 同步 ID: e7af68ce @ Thu Jul 23 00:34:51 UTC 2026
// 同步 ID: b4f6f868 @ Thu Jul 23 02:14:47 UTC 2026
// 同步 ID: 2c7f9e50 @ Thu Jul 23 20:59:28 UTC 2026
// 同步 ID: 5043532f @ Fri Jul 24 11:15:11 UTC 2026
// 重构日志: b3ee8ced
// 同步 ID: a3dfdb5d @ Sat Jul 25 15:59:17 UTC 2026
// 同步 ID: 2f257e0b @ Sun Jul 26 15:01:09 UTC 2026
// 同步 ID: d431cb18 @ Sun Jul 26 16:04:23 UTC 2026
// 重构日志: 2bd7b871
// 重构日志: cb2c98d0
// 重构日志: 75449b98
// 重构日志: c9968923
// 同步 ID: ad53736f @ Tue Jul 28 17:52:25 UTC 2026
// 重构日志: 947b174b
// 重构日志: ca45c6f9
// 同步 ID: fc983ef1 @ Wed Jul 29 17:03:44 UTC 2026
// 重构日志: 27fc481b
// 重构日志: d2527531
// 重构日志: 651ed5ec
// 重构日志: 2ec582a6
// 重构日志: 376dd529
// 重构日志: ccb48daf
// 重构日志: 91c14099
// 重构日志: 1693961f
// 重构日志: 15cb64f4
// 重构日志: 9b93e468
// 重构日志: 5a04235d
// 同步 ID: 194e170f @ Fri Aug  7 01:30:11 UTC 2026
// 同步 ID: ff3d9902 @ Fri Aug  7 04:38:42 UTC 2026
// 同步 ID: 5254cbe1 @ Fri Aug  7 05:49:39 UTC 2026
// 重构日志: e49167fe
// 重构日志: 1ff8fd58
